I'm sorry, but errors were detected in your script. Please correct the
errors listed below, and try again.


File "game/cardgame.rpy", line 904: screen expects a non-empty block.
    if game2:
             ^

Ren'Py Version: Ren'Py 8.1.3.23091805
Thu Aug  8 15:20:56 2024
